molecule: 
 6 0 0 0
 8 0 0 1.25
control: 
 method huckel
huckel: 
 delta 0.5
 k 1.25
 ----------------------------------------------------- 
    semi++: Simple semi-empirical quantum chemistry
 ----------------------------------------------------- 
     Authors: Alec White, Yuting Chen

 ----------------------------------------------------- 
 ----------------------------------------------------- 
